user_240001:~/environment/commit-tutorial (master) $ git status
On branch master
Changes not staged for commit:
  (use "git add <file>..." to update what will be committed)
  (use "git restore <file>..." to discard changes in working directory)
        modified:   index.html

no changes added to commit (use "git add" and/or "git commit -a")
user_240001:~/environment/commit-tutorial (master) $  git add index.html
user_240001:~/environment/commit-tutorial (master) $ git status
On branch master
Changes to be committed:
  (use "git restore --staged <file>..." to unstage)
        modified:   index.html

user_240001:~/environment/commit-tutorial (master) $ git status
On branch master
Changes to be committed:
  (use "git restore --staged <file>..." to unstage)
        modified:   index.html

Untracked files:
  (use "git add <file>..." to include in what will be committed)
        git-logo.png

user_240001:~/environment/commit-tutorial (master) $ 